
=== Thu Mar  6 16:11:00 2025

Packages were changed.
Update Mode: updateDependencies

The following packages were added:
  com.unity.ide.visualstudio@2.0.22
  com.unity.ai.navigation@1.1.5
The following packages were updated:
  com.unity.ads from version 3.6.1 to 4.4.2
  com.unity.analytics from version 3.3.5 to 3.8.1
  com.unity.collab-proxy from version 1.2.16 to 2.2.0
  com.unity.ide.rider from version 1.2.1 to 3.0.27
  com.unity.ide.vscode from version 1.2.3 to 1.2.5
  com.unity.purchasing from version 3.0.2 to 4.9.3
  com.unity.test-framework from version 1.1.24 to 1.1.33
  com.unity.textmeshpro from version 2.1.4 to 3.0.6
  com.unity.timeline from version 1.2.18 to 1.7.6
  com.unity.xr.arcore from version 4.1.5 to 5.1.1
  com.unity.xr.arfoundation from version 4.1.5 to 5.1.1
  com.unity.xr.arkit from version 4.1.5 to 5.1.1
  com.unity.xr.arsubsystems from version 2.1.18 to 5.0.2
  com.unity.xr.management from version 4.0.3 to 4.4.0
The following packages were removed:
  com.unity.multiplayer-hlapi@1.0.8

=== Mon Jun 23 13:24:20 2025

Packages were changed.
Update Mode: updateDependencies

The following packages were updated:
  com.unity.collab-proxy from version 2.2.0 to 2.5.2
  com.unity.ide.rider from version 3.0.27 to 3.0.34
  com.unity.purchasing from version 4.9.3 to 4.11.0
  com.unity.textmeshpro from version 3.0.6 to 3.0.7
  com.unity.xr.arcore from version 5.1.1 to 5.1.5
  com.unity.xr.arfoundation from version 5.1.1 to 5.1.5
  com.unity.xr.arkit from version 5.1.1 to 5.1.5
